[indahonline.com/index.html]
[backblue.gif]
[fade.gif]
[index.html]
[indahonline.com/template/assets/img/icons/logo.png]
[indahonline.com/favicon.ico]
[indahonline.com/template/assets/img/icons/logo_icon/512x512.png]
[indahonline.com/template/assets/img/icons/logo_icon/144x144.png]
[indahonline.com/template/assets/img/icons/logo_icon/114x114.png]
[indahonline.com/template/assets/img/icons/logo_icon/32x32.png]
[indahonline.com/template/assets/img/icons/logo_icon/16x16.png]
[indahonline.com/js/jquery-3.4.1.min.js]
[indahonline.com/js/sweetalert.min.js]
[indahonline.com/en.html]
[indahonline.com/assets/8ee953d6/css/bootstrap.css]
[indahonline.com/template/assets/vendor/aos/aos.css]
[indahonline.com/template/assets/vendor/bootstrap/css/bootstrap.min.css]
[indahonline.com/template/assets/vendor/bootstrap-icons/bootstrap-icons.css]
[indahonline.com/template/assets/vendor/boxicons/css/boxicons.min.css]
[indahonline.com/template/assets/vendor/glightbox/css/glightbox.min.css]
[indahonline.com/template/assets/css/mains.css]
[indahonline.com/assets/6235526c/css/all.min.css]
[indahonline.com/assets/5017f801/css/bootstrap-dialog-bs4.min.css]
[indahonline.com/assets/c81fc04/css/activeform.min.css]
[indahonline.com/assets/5017f801/js/dialog.min.js]
[indahonline.com/tracking/cek-resi.html]
[indahonline.com/shipping/rates.html]
[indahonline.com/services/list/products.html]
[indahonline.com/company/hiring/list.html]
[indahonline.com/korporasi/login.html]
[indahonline.com/template/assets/img/inlog/logoIndahSVG.svg]
[indahonline.com/company/droppoint/finddroppoint.html]
[indahonline.com/company/about/profile.html]
[indahonline.com/company/list/information.html]
[indahonline.com/company/list/news.html]
[indahonline.com/company/contact.html]
[indahonline.com/upload/202303160847515046.jpg]
[indahonline.com/upload/201911041240259083.jpg]
[indahonline.com/upload/202006082134393059.jpg]
[indahonline.com/upload/202002071839069216.jpg]
[indahonline.com/upload/202304131447397888.jpg]
[indahonline.com/upload/202102011810224831.jpg]
[indahonline.com/upload/202303160846483352.jpg]
[indahonline.com/upload/202401020816197366.jpg]
[indahonline.com/template/assets/img/inlog/kompres/cek resi-min.png]
[indahonline.com/template/assets/img/inlog/kompres/tarif-min.png]
[indahonline.com/template/assets/img/inlog/kompres/cabang-min.png]
[indahonline.com/template/assets/img/inlog/bg_index.jpg]
[indahonline.com/template/assets/img/inlog/motif@2x.png]
[indahonline.com/template/assets/img/inlog/badge_google_play@2x.png]
[indahonline.com/template/assets/img/inlog/badge_app_store@2x.png]
[indahonline.com/services/list/darat.html]
[indahonline.com/template/assets/img/inlog/kompres/Darat-min.png]
[indahonline.com/services/list/laut.html]
[indahonline.com/template/assets/img/inlog/kompres/Laut-min.png]
[indahonline.com/services/list/citycourier.html]
[indahonline.com/template/assets/img/inlog/kompres/City kurir-min.png]
[indahonline.com/services/list/udara.html]
[indahonline.com/template/assets/img/inlog/kompres/Udara-min.png]
[indahonline.com/services/list/trucking.html]
[indahonline.com/template/assets/img/inlog/kompres/Trucking-min.png]
[indahonline.com/services/list/expres.html]
[indahonline.com/template/assets/img/inlog/kompres/express-min.png]
[indahonline.com/services/list/towing.html]
[indahonline.com/template/assets/img/inlog/kompres/towing-min.png]
[indahonline.com/services/list/international.html]
[indahonline.com/template/assets/img/inlog/kompres/internasional-min.png]
[indahonline.com/services/list/truckingcooler.html]
[indahonline.com/template/assets/img/inlog/kompres/trucking cooler-min.png]
[indahonline.com/upload/202401012321127218.png]
[indahonline.com/news/details/110.html]
[indahonline.com/upload/202401012316270363.jpg]
[indahonline.com/news/details/109.html]
[indahonline.com/upload/202401012307017814.jpg]
[indahonline.com/news/details/108.html]
[indahonline.com/upload/202401012259448414.jpg]
[indahonline.com/news/details/107.html]
[indahonline.com/upload/202304051429470423.jpg]
[indahonline.com/news/details/60.html]
[indahonline.com/upload/202311111620354061.jpg]
[indahonline.com/news/details/85.html]
[indahonline.com/upload/202106241008109561.jpg]
[indahonline.com/news/details/37.html]
[indahonline.com/upload/202008140910433492.jpg]
[indahonline.com/upload/Ekosis.png]
[indahonline.com/upload/Temposcan.png]
[indahonline.com/upload/Bukalapak.png]
[indahonline.com/upload/Tokotalk.png]
[indahonline.com/upload/Shopee.png]
[indahonline.com/upload/Starbucks.png]
[indahonline.com/upload/Synnex.png]
[indahonline.com/upload/Hino.png]
[indahonline.com/upload/Enseval.png]
[indahonline.com/upload/Erlangga.png]
[indahonline.com/upload/Merapi.png]
[indahonline.com/upload/Nestle.png]
[indahonline.com/upload/Unilever.png]
[indahonline.com/upload/Grosenia.png]
[indahonline.com/upload/201910262126547442.jpg]
[indahonline.com/upload/201910262126154168.jpg]
[indahonline.com/upload/Gramedia.png]
[indahonline.com/upload/201910262124418256.jpg]
[indahonline.com/upload/201910262124017502.jpg]
[indahonline.com/upload/201910262123167059.jpg]
[indahonline.com/company/terms.html]
[indahonline.com/site/captcha302d.png]
[indahonline.com/template/assets/img/inlog/bahasa/indonesia_flag@2x.png]
[indahonline.com/template/assets/img/inlog/bahasa/england_flag@2x.png]
[indahonline.com/template/assets/img/inlog/brand.png]
[indahonline.com/company/about.html]
[indahonline.com/company/about/motto.html]
[indahonline.com/company/about/history.html]
[indahonline.com/company/direksi.html]
[indahonline.com/assets/31380be9/yii.js]
[indahonline.com/assets/2b73684f/jquery.js]
[indahonline.com/assets/be752ac7/jquery.pjax.js]
[indahonline.com/template/assets/vendor/aos/aos.js]
[indahonline.com/template/assets/vendor/bootstrap/js/bootstrap.bundle.min.js]
[indahonline.com/template/assets/vendor/glightbox/js/glightbox.min.js]
[indahonline.com/template/assets/vendor/isotope-layout/isotope.pkgd.min.js]
[indahonline.com/template/assets/vendor/php-email-form/validate.js]
[indahonline.com/template/assets/js/maindev.js]
[indahonline.com/assets/5017f801/js/bootstrap-dialog.min.js]
[indahonline.com/assets/5017f801/js/dialog-yii.min.js]
[indahonline.com/assets/31380be9/yii.activeForm.js]
[indahonline.com/assets/c81fc04/js/activeform.min.js]
[indahonline.com/assets/31380be9/yii.validation.js]
[indahonline.com/index.html]
[indahonline.com/template/assets/img/icons/site.html]
[indahonline.com/assets/31380be9/yii.captcha.js]
[indahonline.com/en/tracking/cek-resi.html]
[indahonline.com/en/shipping/rates.html]
[indahonline.com/en/services/list/products.html]
[indahonline.com/en/company/hiring/list.html]
[indahonline.com/en/korporasi/login.html]
[indahonline.com/en/company/droppoint/finddroppoint.html]
[indahonline.com/en/company/about/profile.html]
[indahonline.com/en/company/list/information.html]
[indahonline.com/en/company/list/news.html]
[indahonline.com/en/company/contact.html]
[indahonline.com/en/services/list/darat.html]
[indahonline.com/en/services/list/laut.html]
[indahonline.com/en/services/list/citycourier.html]
[indahonline.com/en/services/list/udara.html]
[indahonline.com/en/services/list/trucking.html]
[indahonline.com/en/services/list/expres.html]
[indahonline.com/en/services/list/towing.html]
[indahonline.com/en/services/list/international.html]
[indahonline.com/en/services/list/truckingcooler.html]
[indahonline.com/en/news/details/110.html]
[indahonline.com/en/news/details/109.html]
[indahonline.com/en/news/details/108.html]
[indahonline.com/en/news/details/107.html]
[indahonline.com/upload/202305171446455986.jpg]
[indahonline.com/en/news/details/62.html]
[indahonline.com/upload/ilc 0906 COD resize .png]
[indahonline.com/en/news/details/44.html]
[indahonline.com/upload/202312140936429386.png]
[indahonline.com/en/news/details/89.html]
[indahonline.com/en/company/terms.html]
[indahonline.com/en/site/captchab2e7.png]
[indahonline.com/entemplate/assets/img/inlog/brand.png]
[indahonline.com/en/company/about.html]
[indahonline.com/en/company/about/motto.html]
[indahonline.com/en/company/about/history.html]
[indahonline.com/en.html]
[indahonline.com/assets/8ee953d6/css/bootstrap.css]
[indahonline.com/template/assets/vendor/aos/aos.css]
[indahonline.com/template/assets/vendor/bootstrap/css/bootstrap.min.css]
[indahonline.com/en/company/direksi.html]
[indahonline.com/template/assets/vendor/bootstrap-icons/fonts/bootstrap-icons3413.woff2]
[indahonline.com/template/assets/vendor/bootstrap-icons/fonts/bootstrap-icons3413.woff]
[indahonline.com/template/assets/vendor/bootstrap-icons/bootstrap-icons.css]
[indahonline.com/template/assets/vendor/boxicons/fonts/boxicons.eot]
[indahonline.com/template/assets/vendor/boxicons/fonts/boxicons.woff2]
[indahonline.com/template/assets/vendor/boxicons/fonts/boxicons.woff]
[indahonline.com/template/assets/vendor/boxicons/fonts/boxicons.ttf]
[indahonline.com/template/assets/vendor/boxicons/css/boxicons.min.css]
[indahonline.com/template/assets/vendor/glightbox/css/glightbox.min.css]
[indahonline.com/template/assets/vendor/boxicons/fonts/boxiconsd41d.svg]
[indahonline.com/template/assets/img/inlog/201911012310159820@2x.png]
[indahonline.com/template/assets/img/inlog/map/peta@2x.png]
[indahonline.com/template/assets/css/mains.css]
[indahonline.com/assets/6235526c/webfonts/fa-brands-400.eot]
[indahonline.com/assets/6235526c/webfonts/fa-brands-400d41d.eot]
[indahonline.com/assets/6235526c/webfonts/fa-brands-400.woff2]
[indahonline.com/assets/6235526c/webfonts/fa-brands-400.woff]
[indahonline.com/assets/6235526c/webfonts/fa-brands-400.ttf]
[indahonline.com/assets/6235526c/webfonts/fa-regular-400.eot]
[indahonline.com/assets/6235526c/webfonts/fa-regular-400d41d.eot]
[indahonline.com/assets/6235526c/webfonts/fa-brands-400.svg]
[indahonline.com/assets/6235526c/webfonts/fa-regular-400.woff2]
[indahonline.com/assets/6235526c/webfonts/fa-regular-400.woff]
[indahonline.com/assets/6235526c/webfonts/fa-regular-400.ttf]
[indahonline.com/assets/6235526c/webfonts/fa-regular-400.svg]
[indahonline.com/assets/6235526c/webfonts/fa-solid-900.eot]
[indahonline.com/assets/6235526c/webfonts/fa-solid-900d41d.eot]
[indahonline.com/assets/6235526c/webfonts/fa-solid-900.woff2]
[indahonline.com/assets/6235526c/webfonts/fa-solid-900.woff]
[indahonline.com/assets/6235526c/webfonts/fa-solid-900.ttf]
[indahonline.com/assets/6235526c/css/all.min.css]
[indahonline.com/assets/5017f801/css/bootstrap-dialog-bs4.min.css]
[indahonline.com/assets/c81fc04/css/activeform.min.css]
[indahonline.com/assets/6235526c/webfonts/fa-solid-900.svg]
[indahonline.com/template/assets/img/inlog/kompres/wafecekresi-min.png]
[indahonline.com/assets/5570dd70/css/spin.min.css]
[indahonline.com/site/captchacff6.png]
[indahonline.com/site/captcha06a2.png]
[indahonline.com/assets/5570dd70/js/spin.min.js]
[indahonline.com/tracking/cek-resi.html]
[indahonline.com/assets/5570dd70/js/jquery.spin.min.js]
[indahonline.com/assets/eca7da75/css/select2.min.css]
[indahonline.com/assets/78dcd242/css/select2-addl.min.css]
[indahonline.com/assets/78dcd242/css/select2-krajee-bs4.min.css]
[indahonline.com/assets/298e3a3a/css/kv-widgets.min.css]
[indahonline.com/template/assets/img/inlog/kompres/wafecektarif-min.png]
[indahonline.com/site/captcha95c1.png]
[indahonline.com/site/captchaa339.png]
[indahonline.com/assets/eca7da75/js/select2.full.min.js]
[indahonline.com/assets/eca7da75/js/i18n/id.js]
[indahonline.com/assets/78dcd242/js/select2-krajee.min.js]
[indahonline.com/shipping/rates.html]
[indahonline.com/assets/298e3a3a/js/kv-widgets.min.js]
[indahonline.com/template/assets/img/inlog/kompres/wafecabang-min.png]
[indahonline.com/site/captcha8ea5.png]
[indahonline.com/company/droppoint/finddroppoint.html]
[indahonline.com/template/assets/img/inlog/kompres/wafelayanan-min.png]
[indahonline.com/template/assets/img/inlog/Darat.png]
[indahonline.com/template/assets/img/inlog/Laut.png]
[indahonline.com/template/assets/img/inlog/City kurir.png]
[indahonline.com/template/assets/img/inlog/Udara.png]
[indahonline.com/template/assets/img/inlog/Trucking.png]
[indahonline.com/template/assets/img/inlog/express.png]
[indahonline.com/template/assets/img/inlog/towing.png]
[indahonline.com/template/assets/img/inlog/internasional.png]
[indahonline.com/template/assets/img/inlog/trucking cooler.png]
[indahonline.com/site/captchaddaa.png]
[indahonline.com/services/list/products.html]
[indahonline.com/template/assets/img/inlog/kompres/wafekarir-min.png]
[indahonline.com/template/assets/img/inlog/karir.jpg]
[indahonline.com/template/assets/img/no_contents.png]
[indahonline.com/site/captcha77ca.png]
[indahonline.com/company/hiring/list.html]
[indahonline.com/template/assets/img/inlog/breadcrumb/korporasi@2x.png]
[indahonline.com/site/captchac7d0.png]
[indahonline.com/site/captcha342a.png]
[indahonline.com/korporasi/login.html]
[indahonline.com/template/assets/img/inlog/logoIndahSVG.svg]
[indahonline.com/template/assets/img/inlog/breadcrumb/HEADER-WEB-INDAHnew.jpg]
[indahonline.com/template/assets/img/inlog/201910311657206225@2x.png]
[indahonline.com/template/assets/img/inlog/201910311657206225-1@2x.png]
[indahonline.com/template/assets/img/inlog/Icon_amanah@2x.png]
[indahonline.com/template/assets/img/inlog/Icon_keamanan@2x.png]
[indahonline.com/template/assets/img/inlog/Icon_respon_cepat@2x.png]
[indahonline.com/site/captcha0337.png]
[indahonline.com/company/about/profile.html]
[indahonline.com/template/assets/img/inlog/breadcrumb/wafe@2x.png]
[indahonline.com/information/list/view/60/11.html]
[indahonline.com/information/list/view/59/10.html]
[indahonline.com/information/list/view/58/9.html]
[indahonline.com/site/captcha2b8a.png]
[indahonline.com/company/list/information.html]
[indahonline.com/template/assets/img/inlog/kompres/wafenews-min.png]
[indahonline.com/upload/202401012248553915.jpg]
[indahonline.com/news/details/106.html]
[indahonline.com/upload/202312272344542931.jpg]
[indahonline.com/news/details/105.html]
[indahonline.com/upload/202312272338176525.jpg]
[indahonline.com/news/details/104.html]
[indahonline.com/upload/202312272335331108.jpg]
[indahonline.com/news/details/103.html]
[indahonline.com/upload/202312272333371111.jpg]
[indahonline.com/news/details/102.html]
[indahonline.com/upload/202312272330402760.jpg]
[indahonline.com/news/details/101.html]
[indahonline.com/upload/202312172347263925.jpg]
[indahonline.com/news/details/99.html]
[indahonline.com/upload/202312172329115779.jpg]
[indahonline.com/news/details/98.html]
[indahonline.com/upload/202312172314089761.jpg]
[indahonline.com/news/details/97.html]
[indahonline.com/upload/202312151322110573.png]
[indahonline.com/news/details/96.html]
[indahonline.com/upload/202312151318579691.png]
[indahonline.com/news/details/95.html]
[indahonline.com/upload/202312151316064639.png]
[indahonline.com/news/details/94.html]
[indahonline.com/upload/202312141042223964.jpg]
[indahonline.com/news/details/93.html]
[indahonline.com/upload/202312141039173670.jpg]
[indahonline.com/news/details/92.html]
[indahonline.com/upload/202312141030447765.png]
[indahonline.com/news/details/91.html]
[indahonline.com/news/details/89.html]
[indahonline.com/upload/202312140001342900.jpg]
[indahonline.com/news/details/88.html]
[indahonline.com/upload/202312011437241579.jpg]
[indahonline.com/news/details/87.html]
[indahonline.com/upload/202311171733156063.png]
[indahonline.com/news/details/86.html]
[indahonline.com/upload/202311091640518507.jpg]
[indahonline.com/news/details/84.html]
[indahonline.com/upload/202310271635010046.jpg]
[indahonline.com/news/details/83.html]
[indahonline.com/upload/202310261500408732.jpg]
[indahonline.com/news/details/82.html]
[indahonline.com/upload/202310231353256564.jpg]
[indahonline.com/news/details/81.html]
[indahonline.com/upload/202310211102177454.jpg]
[indahonline.com/news/details/80.html]
[indahonline.com/upload/202310180946192681.jpg]
[indahonline.com/news/details/79.html]
[indahonline.com/upload/202310121317431048.jpg]
[indahonline.com/news/details/78.html]
[indahonline.com/upload/202309261615261990.jpg]
[indahonline.com/news/details/75.html]
[indahonline.com/upload/202309191654252132.jpg]
[indahonline.com/news/details/74.html]
[indahonline.com/upload/202309111352161965.jpg]
[indahonline.com/news/details/73.html]
[indahonline.com/upload/202309051454167651.jpg]
[indahonline.com/news/details/72.html]
[indahonline.com/upload/202308241446049021.jpg]
[indahonline.com/news/details/71.html]
[indahonline.com/upload/202308161533406203.jpg]
[indahonline.com/news/details/70.html]
[indahonline.com/upload/202306211202090418.jpg]
[indahonline.com/news/details/69.html]
[indahonline.com/upload/202306140900041426.jpg]
[indahonline.com/news/details/68.html]
[indahonline.com/upload/202306101524582304.jpg]
[indahonline.com/news/details/67.html]
[indahonline.com/upload/202306071058005967.jpg]
[indahonline.com/news/details/66.html]
[indahonline.com/upload/202306011550244676.jpg]
[indahonline.com/news/details/65.html]
[indahonline.com/upload/202305251411559377.jpg]
[indahonline.com/news/details/64.html]
[indahonline.com/upload/202305201451279129.jpg]
[indahonline.com/news/details/63.html]
[indahonline.com/news/details/62.html]
[indahonline.com/upload/202304291340392333.jpg]
[indahonline.com/news/details/61.html]
[indahonline.com/upload/202303240916251508.jpg]
[indahonline.com/news/details/59.html]
[indahonline.com/upload/202303221600207660.jpg]
[indahonline.com/news/details/58.html]
[indahonline.com/upload/202303161551457070.jpg]
[indahonline.com/news/details/57.html]
[indahonline.com/upload/202303131659322639.jpg]
[indahonline.com/news/details/56.html]
[indahonline.com/upload/202303131655206177.jpg]
[indahonline.com/news/details/55.html]
[indahonline.com/upload/202210251307205886.jpg]
[indahonline.com/news/details/53.html]
[indahonline.com/upload/202210070946541779.jpg]
[indahonline.com/news/details/52.html]
[indahonline.com/upload/202209301003037878.jpg]
[indahonline.com/news/details/51.html]
[indahonline.com/upload/Foto Puskoppas Peresmian A.jpg]
[indahonline.com/news/details/49.html]
[indahonline.com/upload/Pegiriman rendang 27072022.jpg]
[indahonline.com/news/details/47.html]
[indahonline.com/upload/WhatsApp Image 2022-07-28 at 8.47.09 PM - Copy.jpg]
[indahonline.com/news/details/45.html]
[indahonline.com/news/details/44.html]
[indahonline.com/upload/ilc 1705 (1)-min.jpg]
[indahonline.com/news/details/43.html]
[indahonline.com/upload/ilc 1005 layer 1-min.jpg]
[indahonline.com/news/details/42.html]
[indahonline.com/upload/202106241014341972.jpg]
[indahonline.com/news/details/38.html]
[indahonline.com/upload/202106241018259479.jpg]
[indahonline.com/news/details/36.html]
[indahonline.com/upload/202106241008438288.jpg]
[indahonline.com/news/details/35.html]
[indahonline.com/upload/202004151715174876.jpg]
[indahonline.com/news/details/22.html]
[indahonline.com/site/captcha0a52.png]
[indahonline.com/company/list/news.html]
[indahonline.com/template/assets/img/inlog/kompres/wafealamat-min.png]
[indahonline.com/site/captchaf5ca.png]
[indahonline.com/site/captcha7fe3.png]
[indahonline.com/company/contact.html]
[indahonline.com/site/captcha7ceb.png]
[indahonline.com/services/list/darat.html]
[indahonline.com/site/captchaed34.png]
[indahonline.com/services/list/laut.html]
[indahonline.com/site/captcha2174.png]
[indahonline.com/services/list/citycourier.html]
[indahonline.com/site/captchafda1.png]
[indahonline.com/services/list/udara.html]
[indahonline.com/site/captcha234c.png]
[indahonline.com/services/list/trucking.html]
[indahonline.com/site/captchacb16.png]
[indahonline.com/services/list/expres.html]
[indahonline.com/site/captchaa4d7.png]
[indahonline.com/services/list/towing.html]
[indahonline.com/site/captchab182.png]
[indahonline.com/services/list/international.html]
[indahonline.com/site/captcha413d.png]
[indahonline.com/services/list/truckingcooler.html]
[indahonline.com/site/captcha4e56.png]
[indahonline.com/news/details/110.html]
[indahonline.com/site/captcha0d95.png]
[indahonline.com/news/details/109.html]
[indahonline.com/site/captchafe7c.png]
[indahonline.com/news/details/108.html]
[indahonline.com/site/captcha13b6.png]
[indahonline.com/news/details/107.html]
[indahonline.com/en/news/details/60.html]
[indahonline.com/site/captcha8a37.png]
[indahonline.com/news/details/60.html]
[indahonline.com/en/news/details/85.html]
[indahonline.com/site/captcha693a.png]
[indahonline.com/news/details/85.html]
[indahonline.com/en/news/details/37.html]
[indahonline.com/news/details/`https_/www.bukalapak.com/c/tiket-voucher`.17b.delayed]
[indahonline.com/site/captcha3d79.png]
[indahonline.com/news/details/37.html]
[indahonline.com/template/assets/img/inlog/breadcrumb/layanan@2x.png]
[indahonline.com/site/captchacb4b.png]
[indahonline.com/company/terms.html]
[indahonline.com/site/captchaeac9.png]
[indahonline.com/company/about.html]
[indahonline.com/site/captcha7c9f.png]
[indahonline.com/company/about/motto.html]
[indahonline.com/site/captcha6ffa.png]
[indahonline.com/company/about/history.html]
[indahonline.com/template/assets/img/inlog/kompres/wafedireksi-min.png]
[indahonline.com/site/captcha414d.png]
[indahonline.com/company/direksi.html]
[indahonline.com/en/site/captcha5331.png]
[indahonline.com/en/site/captcha5d42.png]
[indahonline.com/en/tracking/cek-resi.html]
[indahonline.com/en/site/captchafbdd.png]
[indahonline.com/en/site/captchaf9d0.png]
[indahonline.com/en/shipping/rates.html]
[indahonline.com/en/site/captcha475a.png]
[indahonline.com/en/company/droppoint/finddroppoint.html]
[indahonline.com/en/site/captchae841.png]
[indahonline.com/en/services/list/products.html]
[indahonline.com/en/site/captchaf74b.png]
[indahonline.com/en/company/hiring/list.html]
[indahonline.com/en/site/captcha762e.png]
[indahonline.com/en/site/captcha1a5a.png]
[indahonline.com/en/korporasi/login.html]
[indahonline.com/en/site/captchaf0f0.png]
[indahonline.com/en/company/about/profile.html]
[indahonline.com/en/information/list/view/59/10.html]
[indahonline.com/en/information/list/view/58/9.html]
[indahonline.com/en/site/captcha390c.png]
[indahonline.com/en/company/list/information.html]
[indahonline.com/en/news/details/106.html]
[indahonline.com/en/news/details/105.html]
[indahonline.com/en/news/details/104.html]
[indahonline.com/en/news/details/103.html]
[indahonline.com/en/news/details/102.html]
[indahonline.com/en/news/details/101.html]
[indahonline.com/en/news/details/99.html]
[indahonline.com/en/news/details/98.html]
[indahonline.com/en/news/details/97.html]
[indahonline.com/en/news/details/96.html]
[indahonline.com/en/news/details/95.html]
[indahonline.com/en/news/details/94.html]
[indahonline.com/en/news/details/93.html]
[indahonline.com/en/news/details/92.html]
[indahonline.com/en/news/details/91.html]
[indahonline.com/en/news/details/88.html]
[indahonline.com/en/news/details/87.html]
[indahonline.com/en/news/details/86.html]
[indahonline.com/en/news/details/84.html]
[indahonline.com/en/news/details/83.html]
[indahonline.com/en/news/details/82.html]
[indahonline.com/en/news/details/81.html]
[indahonline.com/en/news/details/80.html]
[indahonline.com/en/news/details/79.html]
[indahonline.com/en/news/details/78.html]
[indahonline.com/en/news/details/75.html]
[indahonline.com/en/news/details/74.html]
[indahonline.com/en/news/details/73.html]
[indahonline.com/en/news/details/71.html]
[indahonline.com/en/news/details/70.html]
[indahonline.com/en/news/details/69.html]
[indahonline.com/en/news/details/68.html]
[indahonline.com/en/news/details/67.html]
[indahonline.com/en/news/details/66.html]
[indahonline.com/en/news/details/65.html]
[indahonline.com/en/news/details/64.html]
[indahonline.com/en/news/details/63.html]
[indahonline.com/en/news/details/61.html]
[indahonline.com/en/news/details/59.html]
[indahonline.com/en/news/details/58.html]
[indahonline.com/en/news/details/57.html]
[indahonline.com/en/news/details/56.html]
[indahonline.com/en/news/details/55.html]
[indahonline.com/en/news/details/53.html]
[indahonline.com/en/news/details/52.html]
[indahonline.com/en/news/details/51.html]
[indahonline.com/en/news/details/49.html]
[indahonline.com/en/news/details/47.html]
[indahonline.com/en/news/details/45.html]
[indahonline.com/en/news/details/43.html]
[indahonline.com/en/news/details/42.html]
[indahonline.com/en/news/details/38.html]
[indahonline.com/en/news/details/36.html]
[indahonline.com/en/news/details/35.html]
[indahonline.com/en/news/details/22.html]
[indahonline.com/en/site/captchafd0e.png]
[indahonline.com/en/company/list/news.html]
[indahonline.com/en/site/captchaee04.png]
[indahonline.com/en/site/captcha8f1d.png]
[indahonline.com/en/company/contact.html]
[indahonline.com/en/site/captcha6f55.png]
[indahonline.com/en/services/list/darat.html]
[indahonline.com/en/site/captchad4d0.png]
[indahonline.com/en/services/list/laut.html]
[indahonline.com/en/site/captcha25cb.png]
[indahonline.com/en/services/list/citycourier.html]
[indahonline.com/en/site/captchac8f1.png]
[indahonline.com/en/services/list/udara.html]
[indahonline.com/en/site/captcha1a9a.png]
[indahonline.com/en/services/list/trucking.html]
[indahonline.com/en/site/captcha07e1.png]
[indahonline.com/en/services/list/expres.html]
[indahonline.com/en/site/captcha1352.png]
[indahonline.com/en/services/list/towing.html]
[indahonline.com/en/site/captchaad10.png]
[indahonline.com/en/services/list/international.html]
[indahonline.com/en/site/captcha09f1.png]
[indahonline.com/en/services/list/truckingcooler.html]
[indahonline.com/en/site/captcha9f11.png]
[indahonline.com/en/news/details/110.html]
[indahonline.com/en/site/captcha0ff3.png]
[indahonline.com/en/news/details/109.html]
[indahonline.com/en/site/captcha37a5.png]
[indahonline.com/en/news/details/108.html]
[indahonline.com/en/site/captcha5153.png]
[indahonline.com/en/news/details/107.html]
[indahonline.com/en/site/captcha2fe2.png]
[indahonline.com/en/news/details/62.html]
[indahonline.com/en/site/captcha91d6.png]
[indahonline.com/en/news/details/44.html]
[indahonline.com/en/site/captchac670.png]
[indahonline.com/en/news/details/89.html]
[indahonline.com/en/site/captcha1fd7.png]
[indahonline.com/en/company/terms.html]
[indahonline.com/entemplate/assets/img/inlog/brand.html]
[indahonline.com/en/site/captcha91af.png]
[indahonline.com/en/company/about.html]
[indahonline.com/en/site/captcha0dd0.png]
[indahonline.com/en/company/about/motto.html]
[indahonline.com/en/site/captcha3b36.png]
[indahonline.com/en/company/about/history.html]
[indahonline.com/en/site/captchaa5f9.png]
[indahonline.com/en/company/direksi.html]
[indahonline.com/template/assets/vendor/boxicons/fonts/boxiconsd41d.svg]
[indahonline.com/assets/6235526c/webfonts/fa-brands-400.svg]
[indahonline.com/assets/6235526c/webfonts/fa-regular-400.svg]
[indahonline.com/assets/6235526c/webfonts/fa-solid-900.svg]
[indahonline.com/assets/5570dd70/css/spin.min.css]
[indahonline.com/assets/eca7da75/css/select2.min.css]
[indahonline.com/assets/78dcd242/css/select2-addl.min.css]
[indahonline.com/assets/78dcd242/css/search.png]
[indahonline.com/assets/78dcd242/css/loading.gif]
[indahonline.com/assets/78dcd242/css/select2-krajee-bs4.min.css]
[indahonline.com/assets/298e3a3a/img/loading-plugin.gif]
[indahonline.com/assets/298e3a3a/css/kv-widgets.min.css]
[indahonline.com/site/captchaa798.png]
[indahonline.com/information/list/view/60/11.html]
[indahonline.com/site/captchaff19.png]
[indahonline.com/information/list/view/59/10.html]
[indahonline.com/site/captcha13ee.png]
[indahonline.com/information/list/view/58/9.html]
[indahonline.com/site/captcha4b76.png]
[indahonline.com/news/details/106.html]
[indahonline.com/site/captcha7e0b.png]
[indahonline.com/news/details/105.html]
[indahonline.com/site/captcha8331.png]
[indahonline.com/news/details/104.html]
[indahonline.com/site/captcha74f1.png]
[indahonline.com/news/details/103.html]
[indahonline.com/site/captchaa26b.png]
[indahonline.com/news/details/102.html]
[indahonline.com/site/captcha4985.png]
[indahonline.com/news/details/101.html]
[indahonline.com/site/captcha6d29.png]
[indahonline.com/news/details/99.html]
[indahonline.com/site/captcha5289.png]
[indahonline.com/news/details/98.html]
[indahonline.com/site/captchab0e7.png]
[indahonline.com/news/details/97.html]
[indahonline.com/site/captchadd77.png]
[indahonline.com/news/details/96.html]
[indahonline.com/site/captchaf672.png]
[indahonline.com/news/details/95.html]
[indahonline.com/site/captcha2b42.png]
[indahonline.com/news/details/94.html]
[indahonline.com/site/captcha59cf.png]
[indahonline.com/news/details/93.html]
[indahonline.com/site/captchae033.png]
[indahonline.com/news/details/92.html]
[indahonline.com/site/captchab4e6.png]
[indahonline.com/news/details/91.html]
[indahonline.com/site/captcha6617.png]
[indahonline.com/news/details/89.html]
[indahonline.com/site/captchaa2a5.png]
[indahonline.com/news/details/88.html]
[indahonline.com/site/captcha9328.png]
[indahonline.com/news/details/87.html]
[indahonline.com/site/captchab833.png]
[indahonline.com/news/details/86.html]
[indahonline.com/site/captchac45f.png]
[indahonline.com/news/details/84.html]
[indahonline.com/site/captchae70b.png]
[indahonline.com/news/details/83.html]
[indahonline.com/site/captcha1bd6.png]
[indahonline.com/news/details/82.html]
[indahonline.com/site/captcha2a91.png]
[indahonline.com/news/details/81.html]
[indahonline.com/site/captcha3e4e.png]
[indahonline.com/news/details/80.html]
[indahonline.com/site/captchae47c.png]
[indahonline.com/news/details/79.html]
[indahonline.com/site/captcha79e5.png]
[indahonline.com/news/details/78.html]
[indahonline.com/site/captcha810d.png]
[indahonline.com/news/details/75.html]
[indahonline.com/site/captchabbe3.png]
[indahonline.com/news/details/74.html]
[indahonline.com/site/captchacf9f.png]
[indahonline.com/news/details/73.html]
[indahonline.com/site/captcha6416.png]
[indahonline.com/news/details/72.html]
[indahonline.com/site/captcha8251.png]
[indahonline.com/news/details/71.html]
[indahonline.com/site/captchab90a.png]
[indahonline.com/news/details/70.html]
[indahonline.com/site/captcha1722.png]
[indahonline.com/news/details/69.html]
[indahonline.com/site/captcha659f.png]
[indahonline.com/news/details/68.html]
[indahonline.com/site/captchae9a1.png]
[indahonline.com/news/details/67.html]
[indahonline.com/site/captchaf803.png]
[indahonline.com/news/details/66.html]
[indahonline.com/site/captchaa5d2.png]
[indahonline.com/news/details/65.html]
[indahonline.com/site/captcha24e5.png]
[indahonline.com/news/details/64.html]
[indahonline.com/site/captchabdff.png]
[indahonline.com/news/details/63.html]
[indahonline.com/site/captchac1eb.png]
[indahonline.com/news/details/62.html]
[indahonline.com/site/captchaff63.png]
[indahonline.com/news/details/61.html]
[indahonline.com/site/captcha6d53.png]
[indahonline.com/news/details/59.html]
[indahonline.com/site/captchade78.png]
[indahonline.com/news/details/58.html]
[indahonline.com/site/captcha9b7d.png]
[indahonline.com/news/details/57.html]
[indahonline.com/site/captcha3326.png]
[indahonline.com/news/details/56.html]
[indahonline.com/site/captcha42f3.png]
[indahonline.com/news/details/55.html]
[indahonline.com/site/captcha0912.png]
[indahonline.com/news/details/53.html]
[indahonline.com/site/captchaa7f0.png]
[indahonline.com/news/details/52.html]
[indahonline.com/site/captcha369c.png]
[indahonline.com/news/details/51.html]
[indahonline.com/site/captcha9d2c.png]
[indahonline.com/news/details/49.html]
[indahonline.com/site/captchad8d2.png]
[indahonline.com/news/details/47.html]
[indahonline.com/site/captcha7c8c.png]
[indahonline.com/news/details/45.html]
[indahonline.com/site/captchaa598.png]
[indahonline.com/news/details/44.html]
[indahonline.com/site/captcha2014.png]
[indahonline.com/news/details/43.html]
[indahonline.com/site/captchab1a9.png]
[indahonline.com/news/details/42.html]
[indahonline.com/site/captchaa367.png]
[indahonline.com/news/details/38.html]
[indahonline.com/site/captcha9724.png]
[indahonline.com/news/details/36.html]
[indahonline.com/site/captcha240c.png]
[indahonline.com/news/details/35.html]
[indahonline.com/site/captcha82f8.png]
[indahonline.com/news/details/22.html]
[indahonline.com/en/site/captcha5ea5.png]
[indahonline.com/en/news/details/60.html]
[indahonline.com/en/site/captcha5cb5.png]
[indahonline.com/en/news/details/85.html]
[indahonline.com/en/news/details/`https_/www.bukalapak.com/c/tiket-voucher`]
[indahonline.com/en/site/captcha7cda.png]
[indahonline.com/en/news/details/37.html]
[indahonline.com/news/details/`https_/www.bukalapak.com/c/tiket-voucher`.html]
[indahonline.com/en/site/captcha3923.png]
[indahonline.com/en/information/list/view/59/10.html]
[indahonline.com/en/site/captchabda5.png]
[indahonline.com/en/information/list/view/58/9.html]
[indahonline.com/en/site/captcha3680.png]
[indahonline.com/en/news/details/106.html]
[indahonline.com/en/site/captcha7e06.png]
[indahonline.com/en/news/details/105.html]
[indahonline.com/en/site/captcha2344.png]
[indahonline.com/en/news/details/104.html]
[indahonline.com/en/site/captcha4c37.png]
[indahonline.com/en/news/details/103.html]
[indahonline.com/en/site/captcha0813.png]
[indahonline.com/en/news/details/102.html]
[indahonline.com/en/site/captchaf660.png]
[indahonline.com/en/news/details/101.html]
[indahonline.com/en/site/captchae52e.png]
[indahonline.com/en/news/details/99.html]
[indahonline.com/en/site/captchade49.png]
[indahonline.com/en/news/details/98.html]
[indahonline.com/en/site/captchad858.png]
[indahonline.com/en/news/details/97.html]
[indahonline.com/en/site/captcha50f5.png]
[indahonline.com/en/news/details/96.html]
[indahonline.com/en/site/captcha6380.png]
[indahonline.com/en/news/details/95.html]
[indahonline.com/en/site/captcha5418.png]
[indahonline.com/en/news/details/94.html]
[indahonline.com/en/site/captchaf6d4.png]
[indahonline.com/en/news/details/93.html]
[indahonline.com/en/site/captcha4409.png]
[indahonline.com/en/news/details/92.html]
[indahonline.com/en/site/captcha947b.png]
[indahonline.com/en/news/details/91.html]
[indahonline.com/en/site/captcha26b9.png]
[indahonline.com/en/news/details/88.html]
[indahonline.com/en/site/captcha6b95.png]
[indahonline.com/en/news/details/87.html]
[indahonline.com/en/site/captcha26a3.png]
[indahonline.com/en/news/details/86.html]
[indahonline.com/en/site/captcha89fb.png]
[indahonline.com/en/news/details/84.html]
[indahonline.com/en/site/captchacca7.png]
[indahonline.com/en/news/details/83.html]
[indahonline.com/en/site/captcha1ea4.png]
[indahonline.com/en/news/details/82.html]
[indahonline.com/en/site/captcha3c72.png]
[indahonline.com/en/news/details/81.html]
[indahonline.com/en/site/captchacd14.png]
[indahonline.com/en/news/details/80.html]
[indahonline.com/en/site/captcha14e5.png]
[indahonline.com/en/news/details/79.html]
[indahonline.com/en/site/captchae39b.png]
[indahonline.com/en/news/details/78.html]
[indahonline.com/en/site/captchaaaaf.png]
[indahonline.com/en/news/details/75.html]
[indahonline.com/en/site/captcha652c.png]
[indahonline.com/en/news/details/74.html]
[indahonline.com/en/site/captchaf716.png]
[indahonline.com/en/news/details/73.html]
[indahonline.com/en/site/captcha2e55.png]
[indahonline.com/en/news/details/71.html]
[indahonline.com/en/news/details/72.html]
[indahonline.com/en/site/captchae1fb.png]
[indahonline.com/en/news/details/70.html]
[indahonline.com/en/site/captchaf324.png]
[indahonline.com/en/news/details/69.html]
[indahonline.com/en/site/captchad563.png]
[indahonline.com/en/news/details/68.html]
[indahonline.com/en/site/captchaed09.png]
[indahonline.com/en/news/details/67.html]
[indahonline.com/en/information/list/view/60/11.html]
[indahonline.com/en/site/captcha3706.png]
[indahonline.com/en/news/details/66.html]
[indahonline.com/en/site/captchaec79.png]
[indahonline.com/en/news/details/65.html]
[indahonline.com/en/site/captcha2905.png]
[indahonline.com/en/news/details/64.html]
[indahonline.com/en/site/captcha8549.png]
[indahonline.com/en/news/details/63.html]
[indahonline.com/en/site/captcha53d2.png]
[indahonline.com/en/news/details/61.html]
[indahonline.com/en/site/captcha74b8.png]
[indahonline.com/en/news/details/59.html]
[indahonline.com/en/site/captchaa23a.png]
[indahonline.com/en/news/details/58.html]
[indahonline.com/en/site/captcha6b17.png]
[indahonline.com/en/news/details/57.html]
[indahonline.com/en/site/captcha37ce.png]
[indahonline.com/en/news/details/56.html]
[indahonline.com/en/site/captchab1a5.png]
[indahonline.com/en/news/details/55.html]
[indahonline.com/en/site/captcha2998.png]
[indahonline.com/en/news/details/53.html]
[indahonline.com/en/site/captcha292c.png]
[indahonline.com/en/news/details/52.html]
[indahonline.com/en/site/captcha9a8e.png]
[indahonline.com/en/news/details/51.html]
[indahonline.com/en/site/captchaec6e.png]
[indahonline.com/en/news/details/49.html]
[indahonline.com/en/site/captchab323.png]
[indahonline.com/en/news/details/47.html]
[indahonline.com/en/site/captchac894.png]
[indahonline.com/en/news/details/45.html]
[indahonline.com/en/site/captcha5f37.png]
[indahonline.com/en/news/details/43.html]
[indahonline.com/en/site/captcha33d1.png]
[indahonline.com/en/news/details/42.html]
[indahonline.com/en/site/captchab97d.png]
[indahonline.com/en/news/details/38.html]
[indahonline.com/en/site/captcha089d.png]
[indahonline.com/en/news/details/36.html]
[indahonline.com/en/site/captchaec4e.png]
[indahonline.com/en/news/details/35.html]
[indahonline.com/en/site/captcha15c7.png]
[indahonline.com/en/news/details/22.html]
[indahonline.com/en/news/details/`https_/www.bukalapak.com/c/tiket-voucher`.html]
[indahonline.com/en/site/captchaeda8.png]
[indahonline.com/en/information/list/view/60/11.html]
[indahonline.com/en/site/captcha1da7.png]
[indahonline.com/en/news/details/72.html]
